
=== 11 - differential expression, three tools ===
samples: 12 in groups: control, acute, subacute

=== DESeq2 ===
genes before prefiltering: 3543
genes after prefiltering:  1292
estimating size factors
estimating dispersions
gene-wise dispersion estimates
mean-dispersion relationship
final dispersion estimates
fitting model and testing
resultsNames: CONDITIONcontrol, CONDITIONacute, CONDITIONsubacute
  acute_vs_control: 1292 genes with a padj
  subacute_vs_control: 1292 genes with a padj
  acute_vs_subacute: 1292 genes with a padj

=== variance-stabilising transformations ===
Warning message:
`aes_string()` was deprecated in ggplot2 3.0.0.
ℹ Please use tidy evaluation idioms with `aes()`.
ℹ See also `vignette("ggplot2-in-packages")` for more information.
ℹ The deprecated feature was likely used in the vsn package.
  Please report the issue to the authors. 
  figure -> /root/rna_work_r/results/figures/11_normalisation_comparison.png
  figure -> /root/rna_work_r/results/figures/11_library_sizes.png

=== edgeR ===
genes after filterByExpr: 1284

=== limma-voom ===

=== agreement between the three tools ===
  figure -> /root/rna_work_r/results/figures/11_venn_acute_vs_control.png
  figure -> /root/rna_work_r/results/figures/11_venn_subacute_vs_control.png
  figure -> /root/rna_work_r/results/figures/11_venn_acute_vs_subacute.png
             contrast   tool fdr raw_p
1    acute_vs_control DESeq2 296   320
2    acute_vs_control  edgeR 291   317
3    acute_vs_control  limma 275   296
4 subacute_vs_control DESeq2 471   491
5 subacute_vs_control  edgeR 459   480
6 subacute_vs_control  limma 448   479
7   acute_vs_subacute DESeq2   2    31
8   acute_vs_subacute  edgeR   0    33
9   acute_vs_subacute  limma   0    28
  table  -> /root/rna_work_r/results/tables/11_deg_counts.tsv

=== MDS, PCA, heatmap, volcano ===
using ntop=500 top features by variance
  figure -> /root/rna_work_r/results/figures/11_pca.png
  figure -> /root/rna_work_r/results/figures/11_volcano_acute_vs_control.png
  figure -> /root/rna_work_r/results/figures/11_volcano_subacute_vs_control.png
  figure -> /root/rna_work_r/results/figures/11_volcano_acute_vs_subacute.png
Warning messages:
1: Using `size` aesthetic for lines was deprecated in ggplot2 3.4.0.
ℹ Please use `linewidth` instead.
ℹ The deprecated feature was likely used in the EnhancedVolcano package.
  Please report the issue to the authors. 
2: The `size` argument of `element_line()` is deprecated as of ggplot2 3.4.0.
ℹ Please use the `linewidth` argument instead.
ℹ The deprecated feature was likely used in the EnhancedVolcano package.
  Please report the issue to the authors. 
  table  -> /root/rna_work_r/results/tables/11_deseq2_acute_vs_control.tsv
  table  -> /root/rna_work_r/results/tables/11_edger_acute_vs_control.tsv
  table  -> /root/rna_work_r/results/tables/11_limma_acute_vs_control.tsv
  table  -> /root/rna_work_r/results/tables/11_deseq2_subacute_vs_control.tsv
  table  -> /root/rna_work_r/results/tables/11_edger_subacute_vs_control.tsv
  table  -> /root/rna_work_r/results/tables/11_limma_subacute_vs_control.tsv
  table  -> /root/rna_work_r/results/tables/11_deseq2_acute_vs_subacute.tsv
  table  -> /root/rna_work_r/results/tables/11_edger_acute_vs_subacute.tsv
  table  -> /root/rna_work_r/results/tables/11_limma_acute_vs_subacute.tsv

environment -> /root/rna_work_r/results/rdata/11_de.RData

=== 11 done ===
