
=== 12 - annotation and over-representation analysis ===

=== biomaRt ===
Ensembl site unresponsive, trying asia mirror
Ensembl site unresponsive, trying useast mirror
queried: 1292   returned: 1292
                              biotype genes
1                      protein_coding   967
2                              lncRNA   227
3                processed_pseudogene    68
4                                 TEC    16
5    transcribed_processed_pseudogene     5
6  transcribed_unprocessed_pseudogene     3
7              unprocessed_pseudogene     3
8                               miRNA     1
9                            misc_RNA     1
10                              snRNA     1
  table  -> /root/rna_work_r/results/tables/12_biotypes.tsv
  figure -> /root/rna_work_r/results/figures/12_biotypes.png

=== expression matrix with gene symbols ===
rows before: 1292   after cleaning: 1109
  table  -> /root/rna_work_r/results/tables/12_expression_by_symbol.tsv

=== over-representation analysis ===
reference set: 1292 genes
R_ZIPCMD was empty; set to /usr/bin/zip
zip binary: /usr/bin/zip   R_ZIPCMD: /usr/bin/zip
Loading the functional categories...
Loading the ID list...
Loading the reference list...
Summarizing the input ID list by GO Slim data...
Performing the enrichment analysis...
Begin affinity propagation...
End affinity propagation...
Begin weighted set cover...
Remain is 0, ending weighted set cover
Generate the final report...
Results can be found in the /root/rna_work_r/results/WG/Project_acute_vs_control_geneontology_Biological_Process!
  acute_vs_control / geneontology_Biological_Process: 25 enriched sets
  table  -> /root/rna_work_r/results/tables/12_ora_acute_vs_control_geneontology_Biological_Process.tsv
Loading the functional categories...
Loading the ID list...
Loading the reference list...
Summarizing the input ID list by GO Slim data...
Performing the enrichment analysis...
Begin affinity propagation...
End affinity propagation...
Begin weighted set cover...
Remain is 0, ending weighted set cover
Generate the final report...
Results can be found in the /root/rna_work_r/results/WG/Project_acute_vs_control_geneontology_Cellular_Component!
  acute_vs_control / geneontology_Cellular_Component: 7 enriched sets
  table  -> /root/rna_work_r/results/tables/12_ora_acute_vs_control_geneontology_Cellular_Component.tsv
Loading the functional categories...
Loading the ID list...
Loading the reference list...
Summarizing the input ID list by GO Slim data...
Performing the enrichment analysis...
Begin affinity propagation...
End affinity propagation...
Begin weighted set cover...
Remain is 0, ending weighted set cover
Generate the final report...
Results can be found in the /root/rna_work_r/results/WG/Project_acute_vs_control_geneontology_Molecular_Function!
  acute_vs_control / geneontology_Molecular_Function: 4 enriched sets
  table  -> /root/rna_work_r/results/tables/12_ora_acute_vs_control_geneontology_Molecular_Function.tsv
Loading the functional categories...
Loading the ID list...
Loading the reference list...
Summarizing the input ID list by GO Slim data...
Performing the enrichment analysis...
Begin affinity propagation...
End affinity propagation...
Begin weighted set cover...
Remain is 0, ending weighted set cover
Generate the final report...
Results can be found in the /root/rna_work_r/results/WG/Project_acute_vs_control_pathway_KEGG!
  acute_vs_control / pathway_KEGG: 1 enriched sets
  table  -> /root/rna_work_r/results/tables/12_ora_acute_vs_control_pathway_KEGG.tsv
Loading the functional categories...
Loading the ID list...
Loading the reference list...
Summarizing the input ID list by GO Slim data...
Performing the enrichment analysis...
Begin affinity propagation...
End affinity propagation...
Begin weighted set cover...
Remain is 0, ending weighted set cover
Generate the final report...
Results can be found in the /root/rna_work_r/results/WG/Project_acute_vs_control_pathway_Reactome!
  acute_vs_control / pathway_Reactome: 32 enriched sets
  table  -> /root/rna_work_r/results/tables/12_ora_acute_vs_control_pathway_Reactome.tsv
Loading the functional categories...
Loading the ID list...
Loading the reference list...
Summarizing the input ID list by GO Slim data...
Performing the enrichment analysis...
  acute_vs_control / network_miRNA_target: no enriched set at FDR 0.05
Loading the functional categories...
Loading the ID list...
Loading the reference list...
Summarizing the input ID list by GO Slim data...
Performing the enrichment analysis...
  acute_vs_control / network_Transcription_Factor_target: no enriched set at FDR 0.05
Loading the functional categories...
Loading the ID list...
Loading the reference list...
Summarizing the input ID list by GO Slim data...
Performing the enrichment analysis...
Begin affinity propagation...
End affinity propagation...
Begin weighted set cover...
Remain is 0, ending weighted set cover
Generate the final report...
Results can be found in the /root/rna_work_r/results/WG/Project_subacute_vs_control_geneontology_Biological_Process!
  subacute_vs_control / geneontology_Biological_Process: 12 enriched sets
  table  -> /root/rna_work_r/results/tables/12_ora_subacute_vs_control_geneontology_Biological_Process.tsv
Loading the functional categories...
Loading the ID list...
Loading the reference list...
Summarizing the input ID list by GO Slim data...
Performing the enrichment analysis...
Begin affinity propagation...
End affinity propagation...
Begin weighted set cover...
Remain is 0, ending weighted set cover
Generate the final report...
Results can be found in the /root/rna_work_r/results/WG/Project_subacute_vs_control_geneontology_Cellular_Component!
  subacute_vs_control / geneontology_Cellular_Component: 3 enriched sets
  table  -> /root/rna_work_r/results/tables/12_ora_subacute_vs_control_geneontology_Cellular_Component.tsv
Loading the functional categories...
Loading the ID list...
Loading the reference list...
Summarizing the input ID list by GO Slim data...
Performing the enrichment analysis...
Begin affinity propagation...
End affinity propagation...
Begin weighted set cover...
Remain is 0, ending weighted set cover
Generate the final report...
Results can be found in the /root/rna_work_r/results/WG/Project_subacute_vs_control_geneontology_Molecular_Function!
  subacute_vs_control / geneontology_Molecular_Function: 2 enriched sets
  table  -> /root/rna_work_r/results/tables/12_ora_subacute_vs_control_geneontology_Molecular_Function.tsv
Loading the functional categories...
Loading the ID list...
Loading the reference list...
Summarizing the input ID list by GO Slim data...
Performing the enrichment analysis...
Begin affinity propagation...
End affinity propagation...
Begin weighted set cover...
Remain is 0, ending weighted set cover
Generate the final report...
Results can be found in the /root/rna_work_r/results/WG/Project_subacute_vs_control_pathway_KEGG!
  subacute_vs_control / pathway_KEGG: 1 enriched sets
  table  -> /root/rna_work_r/results/tables/12_ora_subacute_vs_control_pathway_KEGG.tsv
Loading the functional categories...
Loading the ID list...
Loading the reference list...
Summarizing the input ID list by GO Slim data...
Performing the enrichment analysis...
Begin affinity propagation...
End affinity propagation...
Begin weighted set cover...
Remain is 0, ending weighted set cover
Generate the final report...
Results can be found in the /root/rna_work_r/results/WG/Project_subacute_vs_control_pathway_Reactome!
  subacute_vs_control / pathway_Reactome: 28 enriched sets
  table  -> /root/rna_work_r/results/tables/12_ora_subacute_vs_control_pathway_Reactome.tsv
Loading the functional categories...
Loading the ID list...
Loading the reference list...
Summarizing the input ID list by GO Slim data...
Performing the enrichment analysis...
  subacute_vs_control / network_miRNA_target: no enriched set at FDR 0.05
Loading the functional categories...
Loading the ID list...
Loading the reference list...
Summarizing the input ID list by GO Slim data...
Performing the enrichment analysis...
  subacute_vs_control / network_Transcription_Factor_target: no enriched set at FDR 0.05
  acute_vs_subacute: 2 DEGs - too few for ORA, skipped
              contrast                            database deg_in enriched
1     acute_vs_control     geneontology_Biological_Process    296       25
2     acute_vs_control     geneontology_Cellular_Component    296        7
3     acute_vs_control     geneontology_Molecular_Function    296        4
4     acute_vs_control                        pathway_KEGG    296        1
5     acute_vs_control                    pathway_Reactome    296       32
6     acute_vs_control                network_miRNA_target    296        0
7     acute_vs_control network_Transcription_Factor_target    296        0
8  subacute_vs_control     geneontology_Biological_Process    471       12
9  subacute_vs_control     geneontology_Cellular_Component    471        3
10 subacute_vs_control     geneontology_Molecular_Function    471        2
11 subacute_vs_control                        pathway_KEGG    471        1
12 subacute_vs_control                    pathway_Reactome    471       28
13 subacute_vs_control                network_miRNA_target    471        0
14 subacute_vs_control network_Transcription_Factor_target    471        0
  table  -> /root/rna_work_r/results/tables/12_ora_summary.tsv
There were 18 warnings (use warnings() to see them)

environment -> /root/rna_work_r/results/rdata/12_annot.RData

=== 12 done ===
