
=== 16b - MBASED figures ===
simulations per gene: 100 000  ->  p-values resolved down to 1e-05
 sample genes at_floor pct_at_floor
   D1_1   373       84         22.5
   D1_2   274       62         22.6
   D1_3   461      131         28.4
   D1_4   412      108         26.2
   D2_1   486      171         35.2
   D2_2   220       51         23.2
   D2_3   374       96         25.7
   D2_4   484      151         31.2
   NC_1   637      292         45.8
   NC_3   624      262         42.0
   NC_4   608      262         43.1
   NC_5   566      249         44.0
  table  -> /root/rna_work_r/results/tables/16_p_at_floor.tsv

across all samples: 34.8% of gene-level p-values are below the simulation's resolution of 1e-05
representative sample (most genes tested): NC_1
  figure -> /root/rna_work_r/results/figures/16_ase_volcano.png
  figure -> /root/rna_work_r/results/figures/16_ase_imbalance_hist.png
  figure -> /root/rna_work_r/results/figures/16_ase_qq.png

=== 16b done ===
