
=== x1 - formal agreement between the three tools ===
             contrast            pair genes spearman_lfc jaccard_deg n_deg_1
1    acute_vs_control DESeq2 vs edgeR  1284       1.0000      0.9567     296
2    acute_vs_control DESeq2 vs limma  1284       0.9896      0.8721     296
3    acute_vs_control  edgeR vs limma  1284       0.9894      0.8742     291
4 subacute_vs_control DESeq2 vs edgeR  1284       1.0000      0.9456     471
5 subacute_vs_control DESeq2 vs limma  1284       0.9915      0.9027     471
6 subacute_vs_control  edgeR vs limma  1284       0.9916      0.9257     459
7   acute_vs_subacute DESeq2 vs edgeR  1284       0.9998      0.0000       2
8   acute_vs_subacute DESeq2 vs limma  1284       0.9591      0.0000       2
9   acute_vs_subacute  edgeR vs limma  1284       0.9600          NA       0
  n_deg_2
1     291
2     275
3     275
4     459
5     448
6     448
7       0
8       0
9       0
  table  -> /root/rna_work_r/results/tables/x1_concordance.tsv

=== expression of agreed vs disputed genes ===
  acute_vs_control:
         contrast called_by   n  baseMean
 acute_vs_control      none 977 117.17731
 acute_vs_control  one tool  16  56.12394
 acute_vs_control two tools  28  98.65992
 acute_vs_control all three 263 140.84026
    disputed vs unanimous, Wilcoxon p = 0.192  (median 73 vs 141)
  subacute_vs_control:
            contrast called_by   n  baseMean
 subacute_vs_control      none 802 122.35924
 subacute_vs_control  one tool  18  67.29369
 subacute_vs_control two tools  34  56.35491
 subacute_vs_control all three 430 131.92104
    disputed vs unanimous, Wilcoxon p = 0.003  (median 58 vs 132)
  acute_vs_subacute:
          contrast called_by    n  baseMean
 acute_vs_subacute      none 1282 121.86601
 acute_vs_subacute  one tool    2  68.01746
    too few genes in one of the groups for a test
  table  -> /root/rna_work_r/results/tables/x1_called_by_expression.tsv
  figure -> /root/rna_work_r/results/figures/x1_disagreement_vs_expression.png
  figure -> /root/rna_work_r/results/figures/x1_lfc_scatter.png

=== x1 done ===
